// Jest Snapshot v1, https://goo.gl/fbAQLP

exports[`should render correctly 1`] = `
<div
  className="center"
>
  <h1
    id="login"
  >
    Login
  </h1>
  <form
    className="main"
  >
    <div
      className="data"
    >
      <input
        autoComplete="on"
        data-testid="name"
        id="name"
        placeholder=" "
        type="text"
      />
      <span />
      <label>
        UserName
      </label>
    </div>
    <div
      className="data"
    >
      <input
        autoComplete="on"
        data-testid="password"
        id="password"
        placeholder=" "
        type="password"
      />
      <span />
      <label>
        Password
      </label>
    </div>
    <input
      data-testid="submit"
      onClick={[Function]}
      type="submit"
      value="Login"
    />
    <div
      className="signup"
    >
       First time here ?
      <a
        href="/signup"
        onClick={[Function]}
      >
        Register
      </a>
    </div>
  </form>
</div>
`;
