// Jest Snapshot v1, https://goo.gl/fbAQLP

exports[`should render correctly 1`] = `
<div
  className="center"
>
  <h1
    id="register"
  >
    Registration
  </h1>
  <form
    className="main"
  >
    <div
      className="data"
    >
      <input
        autoComplete="on"
        data-testid="name"
        id="name"
        placeholder=" "
        type="text"
      />
      <span />
      <label>
        Name
      </label>
    </div>
    <div
      className="data"
    >
      <input
        autoComplete="on"
        data-testid="password"
        id="password"
        placeholder=" "
        type="password"
      />
      <span />
      <label>
        Password
      </label>
    </div>
    <div
      className="data"
    >
      <input
        autoComplete="on"
        data-testid="repeat_password"
        id="repeat_password"
        placeholder=" "
        type="password"
      />
      <span />
      <label>
        Repeat Password
      </label>
    </div>
    <div
      className="data"
    >
      <input
        autoComplete="on"
        data-testid="firstname"
        id="firstname"
        placeholder=" "
        type="text"
      />
      <span />
      <label>
        FirstName
      </label>
    </div>
    <div
      className="data"
    >
      <input
        autoComplete="on"
        data-testid="lastname"
        id="lastname"
        placeholder=" "
        type="text"
      />
      <span />
      <label>
        LastName
      </label>
    </div>
    <div
      className="data"
    >
      <input
        autoComplete="on"
        data-testid="email"
        id="email"
        placeholder=" "
        type="text"
      />
      <span />
      <label>
        Email
      </label>
    </div>
    <input
      data-testid="submit"
      onClick={[Function]}
      type="submit"
      value="Submit"
    />
    <div
      className="signup"
    >
      <h4>
        Already have an account ?  
        <a
          href="/"
          onClick={[Function]}
        >
          Log in
        </a>
      </h4>
    </div>
  </form>
</div>
`;
